
 RUN  v3.2.4 /Users/cecilia/Code/.worktrees/wallet-routing-surfaces/aomi-widget/apps/shadcn-registry

 ✓ src/components/ui/notification.test.tsx (2 tests) 9ms
 ✓ src/lib/wallet-kit/providers/para/para-plugin.test.tsx (7 tests) 45ms
 ✓ src/lib/wallet-kit/registry/store.test.ts (7 tests) 8ms
 ✓ src/components/control-bar/app-select.test.tsx (5 tests) 63ms
 ✓ src/lib/wallet-kit/runtime/svm/wallet-runtime.test.tsx (5 tests) 12ms
 ✓ src/lib/wallet-kit/wallet-utils.test.ts (2 tests) 3ms
 ✓ src/components/ui/notification-icon.test.tsx (1 test) 18ms
 ✓ src/lib/wallet-kit/network-preferences.test.tsx (2 tests) 10ms
 ✓ src/lib/wallet-kit/registry/reducer.test.ts (23 tests) 16ms
 ✓ src/lib/wallet-kit/providers/para/para-message-signing.test.ts (6 tests) 16ms
 ✓ src/lib/wallet-kit/context.test.tsx (2 tests) 10ms
 ✓ src/components/assistant-ui/working-trace.test.tsx (6 tests) 95ms
 ✓ src/lib/wallet-kit/providers/para/para-auth.test.ts (6 tests) 4ms
 ✓ src/components/assistant-ui/tool-interpreter.test.ts (34 tests) 19ms
 ✓ src/components/assistant-ui/working-agent.test.tsx (11 tests) 65ms
 ✓ src/lib/wallet-kit/account/aomi-backend-client.test.ts (9 tests) 7ms
 ✓ src/lib/wallet-kit/providers/para/para-authorization.test.tsx (3 tests) 19ms
 ✓ src/components/runtime-tx-handler.test.tsx (4 tests) 153ms
 ✓ src/lib/wallet-kit/account/aomi-backend-runtime.test.ts (29 tests) 805ms
 ✓ src/lib/wallet-kit/composer/merge-wallet-rows.test.ts (8 tests) 4ms
 ✓ src/lib/wallet-kit/accounts.test.ts (9 tests) 4ms
 ✓ src/lib/wallet-kit/registry/selectors.test.ts (8 tests) 4ms
 ✓ src/components/control-bar/app-metadata.test.ts (5 tests) 3ms
 ✓ src/lib/wallet-kit/registry/policy.test.ts (12 tests) 4ms
 ✓ src/lib/wallet-kit/execution/wallet-execution.test.ts (15 tests) 7ms
 ✓ src/lib/wallet-kit/providers/privy/privy-embedded-execution.test.ts (8 tests) 7ms
 ✓ src/components/control-bar/network-select.test.tsx (9 tests) 256ms
 ✓ src/components/control-bar/dual-wallet-bar.test.tsx (11 tests) 299ms
 ✓ src/lib/wallet-kit/registry/persistence.test.ts (4 tests) 2ms
 ✓ src/lib/wallet-kit/runtime/evm/brands.test.ts (8 tests) 2ms
 ✓ src/lib/wallet-kit/composer/build-wallet-kit-actions.test.ts (1 test) 2ms
 ✓ src/lib/wallet-kit/providers/para/para-evm-runtime-provider.test.ts (2 tests) 5ms
 ✓ src/components/control-bar/wallet-picker.test.tsx (37 tests) 674ms
 ✓ src/lib/wallet-kit/runtime/evm/disconnect-plan.test.ts (3 tests) 2ms
 ✓ src/lib/wallet-kit/providers/para/ParaPluginProvider.test.ts (3 tests) 1ms
 ✓ src/lib/wallet-kit/execution/execution-runtime.test.ts (3 tests) 8ms
 ✓ src/lib/wallet-kit/providers/privy/privy-svm.test.ts (1 test) 1ms
 ✓ src/lib/wallet-kit/providers/plugin-registry.test.ts (3 tests) 3ms
 ✓ src/components/assistant-ui/thread-loading.test.ts (1 test) 1ms
 ✓ src/lib/wallet-kit/registry/identity-grace.test.ts (5 tests) 3ms
stderr | src/lib/wallet-kit/providers/privy/privy-plugin.test.tsx
bigint: Failed to load bindings, pure JS will be used (try npm run rebuild?)

 ✓ src/lib/wallet-kit/providers/privy/privy-plugin.test.tsx (4 tests) 12ms
 ✓ src/lib/wallet-kit/catalog/svm-networks.test.ts (1 test) 1ms
 ✓ src/lib/wallet-kit/config/provider-auth.test.ts (1 test) 2ms
 ✓ src/package-boundary.test.ts (4 tests) 14ms
 ✓ src/lib/wallet-kit/config/evm-connection-persistence.test.ts (2 tests) 21ms
 ✓ src/lib/wallet-kit/providers/para/para-embedded-wallet.test.ts (2 tests) 1ms
 ✓ src/lib/wallet-kit/runtime/svm/transactions.test.ts (3 tests) 46ms
 ✓ src/components/control-bar/wallet-account-model.test.ts (8 tests) 3ms
 ✓ src/components/icons/chain-map.test.ts (3 tests) 1ms
stderr | src/lib/wallet-kit/providers/privy/privy-embedded-wallet.test.ts
bigint: Failed to load bindings, pure JS will be used (try npm run rebuild?)

 ✓ src/components/assistant-ui/tool-interpreter/families/tx-family-routing.test.ts (3 tests) 2ms
 ✓ src/lib/wallet-kit/providers/privy/privy-embedded-wallet.test.ts (10 tests) 2ms
stderr | src/lib/wallet-kit/providers/privy/privy-auth.test.ts
bigint: Failed to load bindings, pure JS will be used (try npm run rebuild?)

 ✓ src/lib/wallet-kit/runtime/evm/safe-hooks.test.ts (4 tests) 1ms
 ✓ src/lib/wallet-kit/providers/privy/privy-auth.test.ts (5 tests) 2ms

 Test Files  53 passed (53)
      Tests  370 passed (370)
   Start at  03:06:52
   Duration  4.94s (transform 2.26s, setup 7.52s, collect 30.61s, tests 2.78s, environment 15.52s, prepare 2.96s)

widget-lib exit=0
